	-0.0953102	.	.	100	100	0
	-5.01188e-10	.	.	29	0	0
	-20.5943	.	.	79	56	0
