	-inf	.	.	0	0	100
	-inf	.	.	29	0	0
	-inf	.	.	79	56	0
